[17:55:27] before: credits=464.0020 plan_hours=368.670 autoSwitchToCredits=False
[17:55:29] start_server(8vCPU_25GB): starting
[17:55:57] uploaded 7351 bytes, job launched; polling
   | == host jupyter-POD nproc=16 mem=62G 2026-09-26T22:55:51Z
   | ---------------------------------------
   | * [0;35mWelcome to the qBraid Lab Terminal![0m *
   | ---------------------------------------
   | 
   |         ____            _     _  
   |    __ _| __ ) _ __ __ _(_) __| | 
   |   / _  |  _ \|  __/ _  | |/ _  | 
   |  | (_| | |_) | | | (_| | | (_| | 
   |   \__  |____/|_|  \__ _|_|\__ _| 
   |      |_|                         
   | 
   | 
   | Use `qbraid -h` to see available CLI commands.
   | 
   | ===== CONTROL f=2 3/254 (must be SAT)
   | vars 1076224, clauses 11096986; DECIDE uncovered <= 3, |R| >= 254
   | 
   | SAT after 43 cuts (170s). OFFICIAL: coronas=4, defect_hc=3 (hh=3, pockets=0) of 254 -> score 4.988189
   | wrote /home/jovyan/qe_jobs/heesch-multi/control_f2.heesch
   | ===== REAL f=2 3/255
   | candidates per level: {2: 872, 3: 7820, 4: 19516, 5: 35164}
   | vars 1076224, clauses 11096986; DECIDE uncovered <= 3, |R| >= 255
   | 
   | UNSAT after 44 sound cuts (216s): with rings 0..1 fixed, no choice of rings 2..5 has uncovered <= 3 over |R| >= 255 without extra pockets.
   | ===== CONTROL f=1 3/254 (must be SAT)
[18:20:52] poll hiccup: JSONDecodeError (1)
[18:21:08] poll hiccup: JSONDecodeError (2)
[18:21:23] poll hiccup: JSONDecodeError (3)
[18:21:39] poll hiccup: JSONDecodeError (4)
[18:21:54] poll hiccup: JSONDecodeError (5)
[18:22:09] poll hiccup: JSONDecodeError (6)
[18:22:25] poll hiccup: JSONDecodeError (7)
[18:22:40] poll hiccup: JSONDecodeError (8)
[18:22:41] Lab server is GONE (culled or crashed); giving up instead of polling a dead server
[18:22:41] stop_server: stopped
[18:22:47] after: credits=464.0020 (delta +0.0000), plan_hours=365.314; wall 1641s
python.exe : Traceback (most recent call last):
At line:1 char:302
+ ... tch {} } }; & "$env:USERPROFILE\qe-work\kc-venv\Scripts\python.exe" - ...
+                 ~~~~~~~~~~~~~~~~~~~~~~~~~~~~~~~~~~~~~~~~~~~~~~~~~~~~~~~~~
    + CategoryInfo          : NotSpecified: (Traceback (most recent call last)::String) [], RemoteException
    + FullyQualifiedErrorId : NativeCommandError
 
  File "C:\Users\nflach\qe-work\kc-venv\Lib\site-packages\requests\models.py", line 1116, in json
    return complexjson.loads(self.text, **kwargs)
           ~~~~~~~~~~~~~~~~~^^^^^^^^^^^^^^^^^^^^^
  File "C:\Python314\Lib\json\__init__.py", line 352, in loads
    return _default_decoder.decode(s)
           ~~~~~~~~~~~~~~~~~~~~~~~^^^
  File "C:\Python314\Lib\json\decoder.py", line 345, in decode
    obj, end = self.raw_decode(s, idx=_w(s, 0).end())
               ~~~~~~~~~~~~~~~^^^^^^^^^^^^^^^^^^^^^^^
  File "C:\Python314\Lib\json\decoder.py", line 363, in raw_decode
    raise JSONDecodeError("Expecting value", s, err.value) from None
json.decoder.JSONDecodeError: Expecting value: line 1 column 1 (char 0)

During handling of the above exception, another exception occurred:

Traceback (most recent call last):
  File "C:\Users\nflach\qe-work\qbraid_lab_job.py", line 174, in <module>
    sys.exit(main())
             ~~~~^^
  File "C:\Users\nflach\qe-work\qbraid_lab_job.py", line 146, in main
    (out / "job.log").write_text(lab.get_text(f"{jd}/job.log") or "", encoding="utf-8")
                                 ~~~~~~~~~~~~^^^^^^^^^^^^^^^^^
  File "C:\Users\nflach\qe-work\qbraid_lab_bench.py", line 124, in get_text
    return r.json().get("content")
           ~~~~~~^^
  File "C:\Users\nflach\qe-work\kc-venv\Lib\site-packages\requests\models.py", line 1120, in json
    raise RequestsJSONDecodeError(e.msg, e.doc, e.pos)
requests.exceptions.JSONDecodeError: Expecting value: line 1 column 1 (char 0)
