[18:24:28] before: credits=464.0020 plan_hours=365.300 autoSwitchToCredits=False
[18:24:30] start_server(8vCPU_25GB): starting
[18:25:03] uploaded 13396 bytes, job launched; polling
   | == host jupyter-POD nproc=16 mem=62G 2026-09-26T23:24:58Z
   | ---------------------------------------
   | * [0;35mWelcome to the qBraid Lab Terminal![0m *
   | ---------------------------------------
   | 
   |         ____            _     _  
   |    __ _| __ ) _ __ __ _(_) __| | 
   |   / _  |  _ \|  __/ _  | |/ _  | 
   |  | (_| | |_) | | | (_| | | (_| | 
   |   \__  |____/|_|  \__ _|_|\__ _| 
   |      |_|                         
   | 
   | 
   | Use `qbraid -h` to see available CLI commands.
   | 
   | ===== hex13-kaplan-hc4hh4 witness
   | F(S,4): 448257 vars, 3008462 clauses, levels [405, 3624, 9768, 18432] (72s)
   | hole-free witness: 4 coronas, 63 placements (15 cuts, 234s)
   | wrote /home/jovyan/qe_jobs/heesch-witness/hex13-kaplan-hc4hh4.heesch
   | "hc_verified":4
   | ----- hex13-kaplan-hc4hh4 joint ring 4/5 (count objective)
   | OFFICIAL: ring-4 valid (hole-free), ring-5 defect_hc=7 (hh=7, pockets=0) of 151 -> score 4.953642
   | ===== hex15-kaplan-hc4hh4-a witness
   | F(S,4): 517337 vars, 3232941 clauses, levels [408, 3680, 9872, 18584] (87s)
   | hole-free witness: 4 coronas, 59 placements (12 cuts, 168s)
   | wrote /home/jovyan/qe_jobs/heesch-witness/hex15-kaplan-hc4hh4-a.heesch
   | "hc_verified":4
   | ----- hex15-kaplan-hc4hh4-a joint ring 4/5 (count objective)
   | OFFICIAL: ring-4 valid (hole-free), ring-5 defect_hc=7 (hh=7, pockets=0) of 164 -> score 4.957317
   | ===== hex16-kaplan-hc4hh4 witness
   | F(S,4): 696841 vars, 4548995 clauses, levels [471, 4635, 12505, 23615] (136s)
   | hole-free witness: 4 coronas, 66 placements (3 cuts, 179s)
   | wrote /home/jovyan/qe_jobs/heesch-witness/hex16-kaplan-hc4hh4.heesch
   | "hc_verified":4
   | ----- hex16-kaplan-hc4hh4 joint ring 4/5 (count objective)
   | OFFICIAL: ring-4 valid (hole-free), ring-5 defect_hc=12 (hh=12, pockets=0) of 214 -> score 4.943925
   | == job exit rc=0 after 617s
[18:35:20] fetched out.txt (1245 chars)
[18:35:20] fetched hex13-kaplan-hc4hh4.joint.heesch (1861 chars)
[18:35:20] fetched hex15-kaplan-hc4hh4-a.joint.heesch (1904 chars)
[18:35:20] fetched hex16-kaplan-hc4hh4.joint.heesch (1996 chars)
[18:35:20] job status 0; results in C:\Users\nflach\qe-work\qbraid_runs\heesch-witness-20260926-183519
[18:35:21] stop_server: stopping
[18:35:26] after: credits=464.0020 (delta +0.0000), plan_hours=363.886; wall 659s
