[18:35:58] before: credits=464.0020 plan_hours=363.886 autoSwitchToCredits=False
[18:36:00] start_server(8vCPU_25GB): starting
[18:36:33] uploaded 7684 bytes, job launched; polling
   | == host jupyter-POD nproc=16 mem=62G 2026-09-26T23:36:27Z
   | ---------------------------------------
   | * [0;35mWelcome to the qBraid Lab Terminal![0m *
   | ---------------------------------------
   | 
   |         ____            _     _  
   |    __ _| __ ) _ __ __ _(_) __| | 
   |   / _  |  _ \|  __/ _  | |/ _  | 
   |  | (_| | |_) | | | (_| | | (_| | 
   |   \__  |____/|_|  \__ _|_|\__ _| 
   |      |_|                         
   | 
   | 
   | Use `qbraid -h` to see available CLI commands.
   | 
   | ===== CONTROL f=1 3/254 (must be SAT)
   | candidates per level: {1: 472, 2: 5376, 3: 14712, 4: 28008, 5: 45264} peak RSS 0.2 GB
   | vars 1582268, clauses 17473115, peak RSS 5.2 GB; DECIDE uncovered <= 3, |R| >= 254
[19:01:29] poll hiccup: JSONDecodeError (1)
[19:01:44] poll hiccup: JSONDecodeError (2)
[19:02:00] poll hiccup: JSONDecodeError (3)
[19:02:15] poll hiccup: JSONDecodeError (4)
[19:02:30] poll hiccup: JSONDecodeError (5)
[19:02:46] poll hiccup: JSONDecodeError (6)
[19:03:01] poll hiccup: JSONDecodeError (7)
[19:03:16] poll hiccup: JSONDecodeError (8)
[19:03:17] Lab server is GONE (culled or crashed); giving up instead of polling a dead server
[19:03:18] stop_server: stopped
[19:03:23] after: credits=464.0020 (delta +0.0000), plan_hours=360.528; wall 1646s
python.exe : Traceback (most recent call last):
At line:1 char:302
+ ... tch {} } }; & "$env:USERPROFILE\qe-work\kc-venv\Scripts\python.exe" - ...
+                 ~~~~~~~~~~~~~~~~~~~~~~~~~~~~~~~~~~~~~~~~~~~~~~~~~~~~~~~~~
    + CategoryInfo          : NotSpecified: (Traceback (most recent call last)::String) [], RemoteException
    + FullyQualifiedErrorId : NativeCommandError
 
  File "C:\Users\nflach\qe-work\kc-venv\Lib\site-packages\requests\models.py", line 1116, in json
    return complexjson.loads(self.text, **kwargs)
           ~~~~~~~~~~~~~~~~~^^^^^^^^^^^^^^^^^^^^^
  File "C:\Python314\Lib\json\__init__.py", line 352, in loads
    return _default_decoder.decode(s)
           ~~~~~~~~~~~~~~~~~~~~~~~^^^
  File "C:\Python314\Lib\json\decoder.py", line 345, in decode
    obj, end = self.raw_decode(s, idx=_w(s, 0).end())
               ~~~~~~~~~~~~~~~^^^^^^^^^^^^^^^^^^^^^^^
  File "C:\Python314\Lib\json\decoder.py", line 363, in raw_decode
    raise JSONDecodeError("Expecting value", s, err.value) from None
json.decoder.JSONDecodeError: Expecting value: line 1 column 1 (char 0)

During handling of the above exception, another exception occurred:

Traceback (most recent call last):
  File "C:\Users\nflach\qe-work\qbraid_lab_job.py", line 174, in <module>
    sys.exit(main())
             ~~~~^^
  File "C:\Users\nflach\qe-work\qbraid_lab_job.py", line 146, in main
    (out / "job.log").write_text(lab.get_text(f"{jd}/job.log") or "", encoding="utf-8")
                                 ~~~~~~~~~~~~^^^^^^^^^^^^^^^^^
  File "C:\Users\nflach\qe-work\qbraid_lab_bench.py", line 124, in get_text
    return r.json().get("content")
           ~~~~~~^^
  File "C:\Users\nflach\qe-work\kc-venv\Lib\site-packages\requests\models.py", line 1120, in json
    raise RequestsJSONDecodeError(e.msg, e.doc, e.pos)
requests.exceptions.JSONDecodeError: Expecting value: line 1 column 1 (char 0)
